------------------------------------------------------------
Timing Analyzer Summary
------------------------------------------------------------

Type  : Slow 1200mV 85C Model Setup 'clk'
Slack : 0.528
TNS   : 0.000

Type  : Slow 1200mV 85C Model Hold 'clk'
Slack : 0.384
TNS   : 0.000

Type  : Slow 1200mV 85C Model Recovery 'clk'
Slack : 16.195
TNS   : 0.000

Type  : Slow 1200mV 85C Model Removal 'clk'
Slack : 2.024
TNS   : 0.000

Type  : Slow 1200mV 85C Model Minimum Pulse Width 'clk'
Slack : 9.624
TNS   : 0.000

Type  : Slow 1200mV 0C Model Setup 'clk'
Slack : 1.915
TNS   : 0.000

Type  : Slow 1200mV 0C Model Hold 'clk'
Slack : 0.337
TNS   : 0.000

Type  : Slow 1200mV 0C Model Recovery 'clk'
Slack : 16.595
TNS   : 0.000

Type  : Slow 1200mV 0C Model Removal 'clk'
Slack : 1.825
TNS   : 0.000

Type  : Slow 1200mV 0C Model Minimum Pulse Width 'clk'
Slack : 9.641
TNS   : 0.000

Type  : Fast 1200mV 0C Model Setup 'clk'
Slack : 10.480
TNS   : 0.000

Type  : Fast 1200mV 0C Model Hold 'clk'
Slack : 0.173
TNS   : 0.000

Type  : Fast 1200mV 0C Model Recovery 'clk'
Slack : 17.943
TNS   : 0.000

Type  : Fast 1200mV 0C Model Removal 'clk'
Slack : 0.982
TNS   : 0.000

Type  : Fast 1200mV 0C Model Minimum Pulse Width 'clk'
Slack : 9.372
TNS   : 0.000

------------------------------------------------------------
