------------------------------------------------------------
Timing Analyzer Summary
------------------------------------------------------------

Type  : Slow 1200mV 85C Model Setup 'clk'
Slack : -6.247
TNS   : -1434.670

Type  : Slow 1200mV 85C Model Hold 'clk'
Slack : 0.357
TNS   : 0.000

Type  : Slow 1200mV 85C Model Recovery 'clk'
Slack : 16.124
TNS   : 0.000

Type  : Slow 1200mV 85C Model Removal 'clk'
Slack : 1.646
TNS   : 0.000

Type  : Slow 1200mV 85C Model Minimum Pulse Width 'clk'
Slack : 9.621
TNS   : 0.000

Type  : Slow 1200mV 0C Model Setup 'clk'
Slack : -4.180
TNS   : -903.397

Type  : Slow 1200mV 0C Model Hold 'clk'
Slack : 0.337
TNS   : 0.000

Type  : Slow 1200mV 0C Model Recovery 'clk'
Slack : 16.526
TNS   : 0.000

Type  : Slow 1200mV 0C Model Removal 'clk'
Slack : 1.482
TNS   : 0.000

Type  : Slow 1200mV 0C Model Minimum Pulse Width 'clk'
Slack : 9.643
TNS   : 0.000

Type  : Fast 1200mV 0C Model Setup 'clk'
Slack : 7.322
TNS   : 0.000

Type  : Fast 1200mV 0C Model Hold 'clk'
Slack : 0.151
TNS   : 0.000

Type  : Fast 1200mV 0C Model Recovery 'clk'
Slack : 17.902
TNS   : 0.000

Type  : Fast 1200mV 0C Model Removal 'clk'
Slack : 0.781
TNS   : 0.000

Type  : Fast 1200mV 0C Model Minimum Pulse Width 'clk'
Slack : 9.371
TNS   : 0.000

------------------------------------------------------------
